4rfrfvrfvfrv
